2026-05-18T05:02:20.334188Z [alert] task.todo: Task entered todo
2026-05-18T05:16:22.656083Z [alert] task.todo: Task entered todo
2026-05-18T05:16:37.873663Z [agent] I’ll verify the issue metadata without mutating it, then wait the requested 5 minutes. The ticket’s explicit instruction to keep `agent:todo` takes precedence over the generic “move to in-progress” workflow step here.
2026-05-18T05:16:39.578828Z [cmd] $ gh issue view 5 --repo its-everdred/aiur --json number,title,state,labels,url,body
2026-05-18T05:16:39.947639Z [cmd] $ gh issue view 5 --repo its-everdred/aiur --json number,title,state,labels,url,body [exit=0]
2026-05-18T05:16:41.817096Z [agent] The issue is open and currently labeled only `agent:todo`. I’m starting the requested 5-minute wait now and won’t change code, labels, or issue state.
2026-05-18T05:16:43.070965Z [cmd] $ sleep 300
2026-05-18T05:17:16.217538Z [agent] Still waiting. No repository or issue mutations have been made.
2026-05-18T05:17:48.573262Z [agent] Two minutes into the wait window. I’m leaving the ticket untouched as instructed.
2026-05-18T05:18:21.536174Z [agent] Still waiting. No code, labels, comments, or PR activity.
2026-05-18T05:18:54.137350Z [agent] Halfway through the requested wait. I’m continuing to hold without making changes.
2026-05-18T05:19:26.736428Z [agent] Still in the wait period. The issue remains intentionally untouched.
2026-05-18T05:20:01.009360Z [agent] About one minute remains. I’m not applying the generic workflow label transition because this ticket explicitly tests staying in `agent:todo`.
2026-05-18T05:20:33.742993Z [agent] Final stretch of the wait. No changes have been made in the workspace or on the issue.
2026-05-18T05:21:41.102461Z [agent] The wait is nearly complete. I’ll do one final non-mutating check only if needed, but the requested action is otherwise complete after the timer exits.
2026-05-18T05:21:43.052354Z [cmd] $ sleep 300 [exit=0]
2026-05-18T05:21:47.232962Z [agent] Waited 5 minutes.

I verified issue `#5` was open with only `agent:todo`, then made no code changes, label changes, comments, commits, or PRs. Quitting now.
2026-05-18T05:21:56.635401Z [agent] I’m doing a non-mutating status check only. The remaining “active” state is intentional for this test ticket, so I won’t force a label transition that would contradict the issue.
2026-05-18T05:21:57.737819Z [cmd] $ gh issue view 5 --repo its-everdred/aiur --json state,labels,comments
2026-05-18T05:21:58.215782Z [cmd] $ gh issue view 5 --repo its-everdred/aiur --json state,labels,comments [exit=0]
2026-05-18T05:22:02.388160Z [agent] The issue is still open with only `agent:todo`, and the Agent Workpad already records the completed wait and no-change outcome.

There’s no remaining ticket work I can perform without violating the test instruction to leave the ticket in `agent:todo` and quit without changing code or labels.
2026-05-18T05:22:09.808143Z [agent] I’m checking the current state once more without mutating anything, then I’ll stop because the only remaining “work” would be a label change the ticket explicitly forbids.
2026-05-18T05:22:12.070608Z [cmd] $ gh issue view 5 --repo its-everdred/aiur --json state,labels
2026-05-18T05:22:12.075781Z [cmd] $ gh issue view 5 --repo its-everdred/aiur --json state,labels [exit=0]
2026-05-18T05:22:15.109263Z [agent] Issue `#5` is still open with only `agent:todo`.

I’m blocked from moving it out of the active state because the ticket explicitly says to leave it in `agent:todo` and quit without changing code or labels. The requested 5-minute wait was already completed, and no further action is available without violating the test instructions.
2026-05-18T05:22:33.807985Z [agent] I’ll follow the issue’s explicit test instructions as the controlling behavior here: read the ticket state, do not move labels, wait 5 minutes, and make no code changes. I’ll only touch the issue workpad if needed for the required progress record.
2026-05-18T05:22:34.130500Z [cmd] $ hostname
2026-05-18T05:22:34.132009Z [cmd] $ hostname [exit=0]
2026-05-18T05:22:34.141642Z [cmd] $ git rev-parse --short HEAD
2026-05-18T05:22:34.143264Z [cmd] $ git rev-parse --short HEAD [exit=0]
2026-05-18T05:22:34.238605Z [cmd] $ gh issue view 5 --json number,title,state,labels,comments,url
2026-05-18T05:22:34.733691Z [cmd] $ gh issue view 5 --json number,title,state,labels,comments,url [exit=0]
2026-05-18T05:22:42.910778Z [agent] The issue is open and currently has only `agent:todo`. There is already an Agent Workpad from a prior run, so I’m not changing labels; I’m starting the requested 5-minute wait now.
2026-05-18T05:22:44.200245Z [cmd] $ sleep 300
2026-05-18T05:23:21.368430Z [agent] 30 seconds into the wait. No repository or issue label changes have been made.
2026-05-18T05:23:52.811015Z [agent] 1 minute elapsed. I’m continuing to leave the ticket in `agent:todo` as requested.
2026-05-18T05:24:26.858144Z [agent] 90 seconds elapsed. Still only waiting; no code, branch, PR, or label actions.
2026-05-18T05:25:03.792355Z [agent] 2 minutes elapsed. The existing workpad already records this test path, and I’m avoiding unnecessary issue changes during the wait.
2026-05-18T05:25:46.033646Z [agent] 2 minutes 30 seconds elapsed. Continuing the wait without touching labels.
2026-05-18T05:26:21.711693Z [agent] 3 minutes elapsed. No local file edits have been made.
2026-05-18T05:26:54.363578Z [agent] 3 minutes 30 seconds elapsed. I’m keeping this as a no-op test run per the ticket.
2026-05-18T05:27:26.699611Z [agent] 4 minutes elapsed. The issue remains untouched during the wait.
2026-05-18T05:27:44.178420Z [cmd] $ sleep 300 [exit=0]
2026-05-18T05:27:50.516189Z [agent] The first wait process has exited. I’m adding a short buffer before final verification so the run satisfies the 5-minute requirement even with tool polling overhead.
2026-05-18T05:27:51.909422Z [cmd] $ sleep 60
2026-05-18T05:28:26.466424Z [agent] Buffer wait is halfway done. I’ll verify labels and local status after it finishes.
2026-05-18T05:28:51.932437Z [cmd] $ sleep 60 [exit=0]
2026-05-18T05:29:03.816149Z [agent] The wait is complete. I’m doing a final read-only check of the issue labels and local worktree now.
2026-05-18T05:29:04.268712Z [cmd] $ gh issue view 5 --json state,labels,url
2026-05-18T05:29:04.269852Z [cmd] $ git status --short
2026-05-18T05:29:04.421041Z [cmd] $ git status --short [exit=0]
2026-05-18T05:29:04.987817Z [cmd] $ gh issue view 5 --json state,labels,url [exit=0]
2026-05-18T05:29:14.044304Z [agent] Completed the test instructions.

Waited at least 5 minutes, left issue `#5` open with label `agent:todo`, and made no code, label, branch, commit, or PR changes. Final checks show the issue still has only `agent:todo`; local status only shows the pre-existing/untracked `logs/` directory, with no tracked code changes.
2026-05-18T05:29:29.232747Z [agent] I’m checking the current issue and worktree state, then I’ll continue the no-op wait path without changing labels or code. The only blocker to making the issue inactive is the ticket’s explicit instruction to leave it in `agent:todo`.
2026-05-18T05:29:29.667394Z [cmd] $ gh issue view 5 --json state,labels,comments,url
2026-05-18T05:29:29.680489Z [cmd] $ git status --short
2026-05-18T05:29:29.807454Z [cmd] $ git status --short [exit=0]
2026-05-18T05:29:31.042640Z [cmd] $ gh issue view 5 --json state,labels,comments,url [exit=0]
2026-05-18T05:29:32.232946Z [agent] The workpad already records the completed test path, and the issue still has only `agent:todo`. I’m starting another 5-minute wait for this continuation run and will keep it read-only.
2026-05-18T05:29:33.678194Z [cmd] $ sleep 300
2026-05-18T05:30:08.992442Z [agent] 30 seconds elapsed in the continuation wait. No label, comment, or repository changes have been made.
2026-05-18T05:30:41.563759Z [agent] 1 minute elapsed. I’m preserving `agent:todo` because changing it would violate the ticket.
2026-05-18T05:31:14.054734Z [agent] 90 seconds elapsed. The run remains read-only aside from the existing local `logs/` artifact.
2026-05-18T05:31:46.478676Z [agent] 2 minutes elapsed. I’m continuing the wait and leaving the workpad as-is since it already captures the intended outcome.
2026-05-18T05:32:18.886594Z [agent] 2 minutes 30 seconds elapsed. No branch, commit, PR, code, or label activity.
2026-05-18T05:33:50.497304Z [alert] task.todo: Task entered todo
2026-05-18T05:34:04.149431Z [user] hello can you say 123v abc
2026-05-18T05:34:07.442312Z [agent] I’ll verify the issue state once, then wait the requested five minutes without changing labels, code, comments, or PR state.
2026-05-18T05:34:09.054663Z [cmd] $ gh issue view 5 --json number,title,labels,state,url,body
2026-05-18T05:34:09.415515Z [cmd] $ gh issue view 5 --json number,title,labels,state,url,body [exit=0]
2026-05-18T05:34:15.015687Z [agent] 123v abc
