2026-05-18T05:02:21.335081Z [alert] task.todo: Task entered todo
2026-05-18T05:16:23.663458Z [alert] task.todo: Task entered todo
2026-05-18T05:16:35.364623Z [agent] I’ll verify the issue state and labels, then follow the test instruction literally: wait 5 minutes, avoid code changes, and leave labels untouched.
2026-05-18T05:16:36.625718Z [cmd] $ gh issue view 6 --json number,title,state,labels,url,body
2026-05-18T05:16:37.171646Z [cmd] $ gh issue view 6 --json number,title,state,labels,url,body [exit=0]
2026-05-18T05:16:41.777552Z [agent] The issue is open with `agent:todo` as its only label, and the body explicitly says to leave it that way. I’m starting the required 5-minute wait now; I won’t edit files, labels, or issue metadata.
2026-05-18T05:16:43.072775Z [cmd] $ sleep 300
2026-05-18T05:16:47.656795Z [agent] Waiting is in progress. No repository or tracker changes have been made.
2026-05-18T05:17:20.334977Z [agent] Still waiting. The issue remains untouched from my side.
2026-05-18T05:17:54.128481Z [agent] Two minutes into the required wait. I’m continuing without changing code, labels, or comments.
2026-05-18T05:18:28.467971Z [agent] The wait is still running. No actions beyond the initial read and the timer have been taken.
2026-05-18T05:19:03.183546Z [agent] Three minutes elapsed. I’m continuing to hold the issue in its original `agent:todo` state.
2026-05-18T05:19:36.176497Z [agent] Still waiting; no file edits, commits, PR work, label changes, or workpad updates.
2026-05-18T05:20:14.792576Z [agent] Four minutes elapsed. I’ll let the timer finish, then quit with no further issue mutations.
2026-05-18T05:20:47.508431Z [agent] Final minute is in progress. The workspace and issue labels remain unchanged.
2026-05-18T05:21:19.907545Z [agent] The required wait is almost complete. I’m only polling the timer.
2026-05-18T05:21:43.053165Z [cmd] $ sleep 300 [exit=0]
2026-05-18T05:21:55.804934Z [agent] Waited 5 minutes as instructed.

No code changes, commits, PRs, label changes, or issue comments were made. Issue `6` was left in `agent:todo`.
2026-05-18T05:22:09.103452Z [agent] No remaining ticket work is possible without violating the issue’s explicit instruction to leave it in `agent:todo` and quit without changing code or labels.

I’m stopping here intentionally; the active state is expected for this test ticket.
2026-05-18T05:22:15.794121Z [agent] Blocked by the ticket’s explicit test instruction: it must remain `agent:todo`, and I must quit without changing code or labels.

No further action taken.
2026-05-18T05:22:33.305684Z [agent] I’m treating the issue’s explicit test instructions as controlling: read-only verification, no code changes, no label changes, then a five-minute wait before exiting.
2026-05-18T05:22:34.974331Z [cmd] $ gh issue view 6 --json number,title,state,labels,url,body --repo its-everdred/aiur
2026-05-18T05:22:35.293276Z [cmd] $ gh issue view 6 --json number,title,state,labels,url,body --repo its-everdred/aiur [exit=0]
2026-05-18T05:22:37.894880Z [agent] The issue is open and currently has only `agent:todo`. I’m starting the five-minute wait now and will not touch labels, comments, files, commits, or PRs.
2026-05-18T05:22:38.542943Z [cmd] $ sleep 300
2026-05-18T05:23:11.208354Z [agent] 30 seconds elapsed. Continuing the required wait with no repository or tracker mutations.
2026-05-18T05:23:46.414720Z [agent] One minute elapsed. Still waiting; no changes made.
2026-05-18T05:24:19.733155Z [agent] 90 seconds elapsed. The issue remains untouched while the wait continues.
2026-05-18T05:24:52.203881Z [agent] Two minutes elapsed. No code, label, comment, commit, or PR activity.
2026-05-18T05:25:25.942163Z [agent] Halfway through the five-minute wait. Continuing without making any changes.
2026-05-18T05:25:59.741848Z [agent] Three minutes elapsed. The tracker and workspace are still unchanged.
2026-05-18T05:26:32.920449Z [agent] Three and a half minutes elapsed. Continuing the wait.
2026-05-18T05:27:22.428276Z [agent] Four minutes elapsed. No changes have been made.
2026-05-18T05:27:39.161247Z [cmd] $ sleep 300 [exit=0]
2026-05-18T05:28:10.532636Z [agent] The `sleep 300` command has returned. I’m adding a short buffer before exit so the observed wait comfortably satisfies the five-minute instruction.
2026-05-18T05:28:10.965959Z [cmd] $ sleep 60
2026-05-18T05:28:42.605238Z [agent] Buffer wait is halfway complete. Still no changes made.
2026-05-18T05:29:10.946148Z [cmd] $ sleep 60 [exit=0]
2026-05-18T05:29:17.184568Z [cmd] $ gh issue view 6 --json labels,state --repo its-everdred/aiur
2026-05-18T05:29:17.624342Z [cmd] $ gh issue view 6 --json labels,state --repo its-everdred/aiur [exit=0]
2026-05-18T05:29:19.603061Z [agent] Done. I verified issue `#6` is open with `agent:todo`, waited five minutes plus a buffer, and made no code, label, comment, commit, or PR changes.
2026-05-18T05:29:28.345943Z [agent] I’m checking the current issue state only. If it is still `agent:todo`, that is the requested end state for this test ticket, so changing it would violate the issue instructions.
2026-05-18T05:29:30.174689Z [cmd] $ gh issue view 6 --json labels,state --repo its-everdred/aiur
2026-05-18T05:29:31.045548Z [cmd] $ gh issue view 6 --json labels,state --repo its-everdred/aiur [exit=0]
2026-05-18T05:29:34.290174Z [agent] Confirmed: issue `#6` is still open with `agent:todo`.

There is no remaining ticket work I can perform without violating the explicit test instructions. The active state is intentional for this ticket, so I’m stopping without changing code, labels, comments, commits, or PRs.
2026-05-18T05:29:40.680722Z [agent] I’m doing one final read-only state check. The remaining active label is intentional for this test, so I’m blocked from resolving it through the normal workflow.
2026-05-18T05:29:42.416922Z [cmd] $ gh issue view 6 --json labels,state --repo its-everdred/aiur
2026-05-18T05:29:43.308168Z [cmd] $ gh issue view 6 --json labels,state --repo its-everdred/aiur [exit=0]
2026-05-18T05:29:45.178050Z [agent] Final check confirms issue `#6` is still open with `agent:todo`.

I’m blocked from moving it out of the active state because the ticket explicitly requires leaving it in `agent:todo` and quitting without changing code or labels. No files, labels, comments, commits, or PRs were changed.
2026-05-18T05:29:56.241662Z [agent] I’ll verify the issue state and labels, then follow the test-ticket instruction literally: wait five minutes and exit without code, commit, PR, or label changes.
2026-05-18T05:29:59.263605Z [cmd] $ gh issue view 6 --repo its-everdred/aiur --json number,title,state,labels,url,body
2026-05-18T05:29:59.752719Z [cmd] $ gh issue view 6 --repo its-everdred/aiur --json number,title,state,labels,url,body [exit=0]
2026-05-18T05:30:08.619886Z [agent] The issue is open and currently labeled only `agent:todo`. I’m not moving it to `agent:in-progress` because the issue’s own instruction explicitly says to leave it in `agent:todo`.
2026-05-18T05:30:10.175633Z [cmd] $ sleep 300
2026-05-18T05:30:13.423450Z [agent] The five-minute wait has started. I’ll stay idle during the wait and avoid any repository or issue mutations.
2026-05-18T05:30:46.031814Z [agent] Thirty seconds have elapsed. The sleep is still running; no changes have been made.
2026-05-18T05:31:18.511979Z [agent] One minute has elapsed. I’m continuing to wait without touching code, labels, or comments.
2026-05-18T05:31:51.723884Z [agent] Ninety seconds have elapsed. The process is still just waiting.
2026-05-18T05:32:25.397857Z [agent] Two minutes have elapsed. No repository or GitHub state has been modified.
2026-05-18T05:33:51.502536Z [alert] task.todo: Task entered todo
2026-05-18T05:34:01.300709Z [agent] I’ll follow the ticket’s explicit test instructions: verify the issue state, leave labels and code untouched, wait 5 minutes, then exit.
2026-05-18T05:34:02.856193Z [cmd] $ gh issue view 6 --json number,title,labels,state,url
2026-05-18T05:34:03.212651Z [cmd] $ gh issue view 6 --json number,title,labels,state,url [exit=0]
2026-05-18T05:34:06.318045Z [agent] Issue `6` is open with `agent:todo`. I’m starting the required 5-minute wait now and will not modify code, comments, commits, PRs, or labels.
2026-05-18T05:34:07.564850Z [cmd] $ sleep 300
2026-05-18T05:34:40.385706Z [agent] The wait is in progress. No repository or tracker mutations have been made.
2026-05-18T05:35:14.298486Z [agent] Still waiting; roughly 4 minutes remain from the original 5-minute timer.
2026-05-18T05:35:54.097986Z [agent] The timer is continuing normally. I’m keeping the ticket untouched as instructed.
