0 verbose cli /opt/aiur-mise/installs/node/24.18.0/bin/node /opt/aiur-mise/installs/node/24.18.0/lib/node_modules/npm/bin/npm-cli.js
1 info using npm@11.16.0
2 info using node@v24.18.0
3 silly config load:file:/opt/aiur-mise/installs/node/24.18.0/lib/node_modules/npm/npmrc
4 silly config load:file:/home/everdred/code/aiur-workspaces/aiur-team/aiur/1358/.npmrc
5 silly config load:file:/opt/aiur-mise/installs/node/24.18.0/etc/npmrc
6 verbose title npm install opencode-ai@1.15.6
7 verbose argv "install" "--global" "opencode-ai@1.15.6" "--no-offline" "--no-prefer-offline"
8 verbose logfile logs-max:10 dir:/home/everdred/code/aiur-workspaces/aiur-team/aiur/1358/.npm/_logs/2026-08-03T01_33_15_298Z-
9 verbose logfile /home/everdred/code/aiur-workspaces/aiur-team/aiur/1358/.npm/_logs/2026-08-03T01_33_15_298Z-debug-0.log
10 silly packumentCache heap:4496293888 maxSize:1124073472 maxEntrySize:562036736
11 silly logfile start cleaning logs, removing 1 files
12 silly logfile done cleaning log files
13 silly idealTree buildDeps
14 silly fetch manifest opencode-ai@1.15.6
15 silly packumentCache full:https://registry.npmjs.org/opencode-ai cache-miss
16 http fetch GET 200 https://registry.npmjs.org/opencode-ai 152ms (cache revalidated)
17 silly packumentCache full:https://registry.npmjs.org/opencode-ai set size:23648635 disposed:false
18 silly placeDep ROOT opencode-ai@1.15.6 OK for:  want: 1.15.6
19 silly fetch manifest opencode-linux-x64@1.15.6
20 silly packumentCache full:https://registry.npmjs.org/opencode-linux-x64 cache-miss
21 silly fetch manifest opencode-darwin-x64@1.15.6
22 silly packumentCache full:https://registry.npmjs.org/opencode-darwin-x64 cache-miss
23 silly fetch manifest opencode-linux-arm64@1.15.6
24 silly packumentCache full:https://registry.npmjs.org/opencode-linux-arm64 cache-miss
25 silly fetch manifest opencode-windows-x64@1.15.6
26 silly packumentCache full:https://registry.npmjs.org/opencode-windows-x64 cache-miss
27 silly fetch manifest opencode-darwin-arm64@1.15.6
28 silly packumentCache full:https://registry.npmjs.org/opencode-darwin-arm64 cache-miss
29 silly fetch manifest opencode-windows-arm64@1.15.6
30 silly packumentCache full:https://registry.npmjs.org/opencode-windows-arm64 cache-miss
31 silly fetch manifest opencode-linux-x64-musl@1.15.6
32 silly packumentCache full:https://registry.npmjs.org/opencode-linux-x64-musl cache-miss
33 silly fetch manifest opencode-linux-arm64-musl@1.15.6
34 silly packumentCache full:https://registry.npmjs.org/opencode-linux-arm64-musl cache-miss
35 silly fetch manifest opencode-linux-x64-baseline@1.15.6
36 silly packumentCache full:https://registry.npmjs.org/opencode-linux-x64-baseline cache-miss
37 silly fetch manifest opencode-darwin-x64-baseline@1.15.6
38 silly packumentCache full:https://registry.npmjs.org/opencode-darwin-x64-baseline cache-miss
39 silly fetch manifest opencode-windows-x64-baseline@1.15.6
40 silly packumentCache full:https://registry.npmjs.org/opencode-windows-x64-baseline cache-miss
41 silly fetch manifest opencode-linux-x64-baseline-musl@1.15.6
42 silly packumentCache full:https://registry.npmjs.org/opencode-linux-x64-baseline-musl cache-miss
43 http fetch GET 200 https://registry.npmjs.org/opencode-linux-x64 82ms (cache revalidated)
44 silly packumentCache full:https://registry.npmjs.org/opencode-linux-x64 set size:16949119 disposed:false
45 http fetch GET 200 https://registry.npmjs.org/opencode-darwin-arm64 197ms (cache revalidated)
46 silly packumentCache full:https://registry.npmjs.org/opencode-darwin-arm64 set size:17187856 disposed:false
47 http fetch GET 200 https://registry.npmjs.org/opencode-linux-x64-baseline 317ms (cache revalidated)
48 silly packumentCache full:https://registry.npmjs.org/opencode-linux-x64-baseline set size:16298332 disposed:false
49 http fetch GET 200 https://registry.npmjs.org/opencode-linux-arm64-musl 378ms (cache revalidated)
50 silly packumentCache full:https://registry.npmjs.org/opencode-linux-arm64-musl set size:14255355 disposed:false
51 http fetch GET 200 https://registry.npmjs.org/opencode-darwin-x64 437ms (cache revalidated)
52 silly packumentCache full:https://registry.npmjs.org/opencode-darwin-x64 set size:17009727 disposed:false
53 http fetch GET 200 https://registry.npmjs.org/opencode-windows-x64 505ms (cache revalidated)
54 silly packumentCache full:https://registry.npmjs.org/opencode-windows-x64 set size:16748544 disposed:false
55 http fetch GET 200 https://registry.npmjs.org/opencode-linux-x64-baseline-musl 559ms (cache revalidated)
56 silly packumentCache full:https://registry.npmjs.org/opencode-linux-x64-baseline-musl set size:14768925 disposed:false
57 http fetch GET 200 https://registry.npmjs.org/opencode-linux-x64-musl 618ms (cache revalidated)
58 silly packumentCache full:https://registry.npmjs.org/opencode-linux-x64-musl set size:14118364 disposed:false
59 http fetch GET 200 https://registry.npmjs.org/opencode-linux-arm64 677ms (cache revalidated)
60 silly packumentCache full:https://registry.npmjs.org/opencode-linux-arm64 set size:17117641 disposed:false
61 http fetch GET 200 https://registry.npmjs.org/opencode-darwin-x64-baseline 741ms (cache revalidated)
62 silly packumentCache full:https://registry.npmjs.org/opencode-darwin-x64-baseline set size:15967968 disposed:false
63 http fetch GET 200 https://registry.npmjs.org/opencode-windows-x64-baseline 805ms (cache revalidated)
64 silly packumentCache full:https://registry.npmjs.org/opencode-windows-x64-baseline set size:14480961 disposed:false
65 http fetch GET 200 https://registry.npmjs.org/opencode-windows-arm64 852ms (cache revalidated)
66 silly packumentCache full:https://registry.npmjs.org/opencode-windows-arm64 set size:8428856 disposed:false
67 silly placeDep node_modules/opencode-ai opencode-darwin-arm64@1.15.6 OK for: opencode-ai@1.15.6 want: 1.15.6
68 silly placeDep node_modules/opencode-ai opencode-darwin-x64@1.15.6 OK for: opencode-ai@1.15.6 want: 1.15.6
69 silly placeDep node_modules/opencode-ai opencode-darwin-x64-baseline@1.15.6 OK for: opencode-ai@1.15.6 want: 1.15.6
70 silly placeDep node_modules/opencode-ai opencode-linux-arm64@1.15.6 OK for: opencode-ai@1.15.6 want: 1.15.6
71 silly placeDep node_modules/opencode-ai opencode-linux-arm64-musl@1.15.6 OK for: opencode-ai@1.15.6 want: 1.15.6
72 silly placeDep node_modules/opencode-ai opencode-linux-x64@1.15.6 OK for: opencode-ai@1.15.6 want: 1.15.6
73 silly placeDep node_modules/opencode-ai opencode-linux-x64-baseline@1.15.6 OK for: opencode-ai@1.15.6 want: 1.15.6
74 silly placeDep node_modules/opencode-ai opencode-linux-x64-baseline-musl@1.15.6 OK for: opencode-ai@1.15.6 want: 1.15.6
75 silly placeDep node_modules/opencode-ai opencode-linux-x64-musl@1.15.6 OK for: opencode-ai@1.15.6 want: 1.15.6
76 silly placeDep node_modules/opencode-ai opencode-windows-arm64@1.15.6 OK for: opencode-ai@1.15.6 want: 1.15.6
77 silly placeDep node_modules/opencode-ai opencode-windows-x64@1.15.6 OK for: opencode-ai@1.15.6 want: 1.15.6
78 silly placeDep node_modules/opencode-ai opencode-windows-x64-baseline@1.15.6 OK for: opencode-ai@1.15.6 want: 1.15.6
79 silly reify mark retired [
79 silly reify   '/opt/aiur-mise/installs/node/24.18.0/lib/node_modules/opencode-ai',
79 silly reify   '/opt/aiur-mise/installs/node/24.18.0/bin/opencode'
79 silly reify ]
80 silly reify moves {
80 silly reify   '/opt/aiur-mise/installs/node/24.18.0/lib/node_modules/opencode-ai': '/opt/aiur-mise/installs/node/24.18.0/lib/node_modules/.opencode-ai-rphRdHew',
80 silly reify   '/opt/aiur-mise/installs/node/24.18.0/bin/opencode': '/opt/aiur-mise/installs/node/24.18.0/bin/.opencode-JYoSgKLY'
80 silly reify }
81 verbose stack Error: EROFS: read-only file system, rename '/opt/aiur-mise/installs/node/24.18.0/lib/node_modules/opencode-ai' -> '/opt/aiur-mise/installs/node/24.18.0/lib/node_modules/.opencode-ai-rphRdHew'
81 verbose stack     at async Object.rename (node:internal/fs/promises:785:10)
81 verbose stack     at async moveFile (/opt/aiur-mise/installs/node/24.18.0/lib/node_modules/npm/node_modules/@npmcli/fs/lib/move-file.js:30:5)
81 verbose stack     at async Promise.allSettled (index 0)
81 verbose stack     at async #reifyPackages (/opt/aiur-mise/installs/node/24.18.0/lib/node_modules/npm/node_modules/@npmcli/arborist/lib/arborist/reify.js:322:11)
81 verbose stack     at async Arborist.reify (/opt/aiur-mise/installs/node/24.18.0/lib/node_modules/npm/node_modules/@npmcli/arborist/lib/arborist/reify.js:128:5)
81 verbose stack     at async Install.exec (/opt/aiur-mise/installs/node/24.18.0/lib/node_modules/npm/lib/commands/install.js:157:5)
81 verbose stack     at async Npm.exec (/opt/aiur-mise/installs/node/24.18.0/lib/node_modules/npm/lib/npm.js:193:9)
81 verbose stack     at async module.exports (/opt/aiur-mise/installs/node/24.18.0/lib/node_modules/npm/lib/cli/entry.js:67:5)
82 error code EROFS
83 error syscall rename
84 error path /opt/aiur-mise/installs/node/24.18.0/lib/node_modules/opencode-ai
85 error dest /opt/aiur-mise/installs/node/24.18.0/lib/node_modules/.opencode-ai-rphRdHew
86 error errno -30
87 error rofs EROFS: read-only file system, rename '/opt/aiur-mise/installs/node/24.18.0/lib/node_modules/opencode-ai' -> '/opt/aiur-mise/installs/node/24.18.0/lib/node_modules/.opencode-ai-rphRdHew'
88 error rofs Often virtualized file systems, or other file systems that don't support symlinks, give this error.
89 silly unfinished npm timer reify 1785720795507
90 silly unfinished npm timer reify:retireShallow 1785720796674
91 verbose cwd /home/everdred/code/aiur-workspaces/aiur-team/aiur/1358
92 verbose os Linux 7.1.4-arch1-1
93 verbose node v24.18.0
94 verbose npm  v11.16.0
95 verbose exit -30
96 verbose code -30
97 error A complete log of this run can be found in: /home/everdred/code/aiur-workspaces/aiur-team/aiur/1358/.npm/_logs/2026-08-03T01_33_15_298Z-debug-0.log
